encoded data (37 bytes): "\128\001\000\004\000\000\000\005hello\000\000\000*\b\000\001\000\000\000\017\011\000\002\000\000\000\005hello\000"
msg name=hello seq=42
got field x
got field y
got end of message
transfer to debug protocol
tokens: [msg_begin("hello",MSG_ONEWAY,seq=42);msg_end;struct_begin("");
         field_begin("",I32,1);17l;field_end;field_begin("",BINARY,2);
         binary("hello");field_end;struct_end]
