c = (Ok 24)
c = (Ok "world!")
c = (Ok {"x": 1, "is_nice?": true, "b": 2})
c = (Ok true)
c = (Ok [true;42;3;"12 = 10+2 "])
ty = (Ok list< map< BOOL, I32 > >)
ty = (Ok { headers: [];
          defs: [const x : I32 := 42;;const y : BOOL := false;;
                 const my_lovely_str : STRING := "hello world !";;
                 typedef truthvals := set< BOOL >;]
          })
