parse "shared.thrift"
parsed ok
content:
{ headers: [namespace ("cpp", "shared")
            namespace ("d", "share")
            namespace ("dart", "shared")
            namespace ("java", "shared")
            namespace ("perl", "shared")
            namespace ("php", "shared")
            namespace ("haxe", "shared")
            namespace ("netstd", "shared")];
 defs: [struct SharedStruct { (1:) key:  I32; (2:) value:  STRING; };
        service SharedService { SharedStruct getStruct ((1:) key:  I32;) };]
 }
